// Jest Snapshot v1, https://goo.gl/fbAQLP

exports[`snapshot testing snapshot for Today Detail component 1`] = `
<div
  className="layout__container-chart"
>
  <div
    className="svgchart"
  >
    <svg
      height={0}
      width={0}
    >
      <g
        className="tide-chart"
      />
      <g
        className="sunset-chart"
      />
      <g
        className="period-chart"
      />
      <g
        className="sunrise-chart"
      />
    </svg>
  </div>
  <div
    className="layout__container-chart--title"
  >
    <span
      className="blue-title"
    >
      Tide •
    </span>
    <span
      className="orange-title"
    >
      Sunrise & Sunset
    </span>
  </div>
</div>
`;

exports[`snapshot testing snapshot for chart container component 1`] = `
<div
  className="layout__container-chart"
>
  <div
    className="svgchart"
  >
    <svg
      height={0}
      width={0}
    >
      <g
        className="tide-chart"
      />
      <g
        className="sunset-chart"
      />
      <g
        className="period-chart"
      />
      <g
        className="sunrise-chart"
      />
    </svg>
  </div>
  <div
    className="layout__container-chart--title"
  >
    <span
      className="blue-title"
    >
      Tide •
    </span>
    <span
      className="orange-title"
    >
      Sunrise & Sunset
    </span>
  </div>
</div>
`;
