// Jest Snapshot v1, https://goo.gl/fbAQLP

exports[`snapshot testing snapshot for Today Detail Card component 1`] = `
<div
  className="todayDetailCards-wrapper-item"
>
  <div
    className="title"
  />
  <div
    className="content undefined"
  />
  <div
    className="extra"
  />
</div>
`;

exports[`snapshot testing snapshot for Today Detail component 1`] = `
<div
  className="todayDetailCards-wrapper-item"
>
  <div
    className="title"
  />
  <div
    className="content undefined"
  />
  <div
    className="extra"
  />
</div>
`;

exports[`snapshot testing snapshot for today detail card component 1`] = `
<div
  className="todayDetailCards-wrapper-item"
>
  <div
    className="title"
  />
  <div
    className="content undefined"
  />
  <div
    className="extra"
  />
</div>
`;
