// Jest Snapshot v1, https://goo.gl/fbAQLP

exports[`snapshot testing snapshot for Today Detail Add component 1`] = `
<div
  className="todayDetailCards-wrapper-item"
>
  <div
    className="add-icon"
  />
  <div
    className="add-text"
  >
    Add
  </div>
</div>
`;

exports[`snapshot testing snapshot for Today Detail component 1`] = `
<div
  className="todayDetailCards-wrapper-item"
>
  <div
    className="add-icon"
  />
  <div
    className="add-text"
  >
    Add
  </div>
</div>
`;

exports[`snapshot testing snapshot for today detail add component 1`] = `
<div
  className="todayDetailCards-wrapper-item"
>
  <div
    className="add-icon"
  />
  <div
    className="add-text"
  >
    Add
  </div>
</div>
`;
